
 /----------------------------------------------------------------------------\
 |  yosys -- Yosys Open SYnthesis Suite                                       |
 |  Copyright (C) 2012 - 2026  Claire Xenia Wolf <claire@yosyshq.com>         |
 |  Distributed under an ISC-like license, type "license" to see terms        |
 \----------------------------------------------------------------------------/
 Yosys 0.68+50 (git sha1 bf86dd7fa-dirty, Release, Clang /usr/bin/clang++ 21.1.8)

-- Executing script file `probe.ys' --

1. Executing Verilog-2005 frontend: /home/skr/Downloads/tiny-gpu/asic-puzzle-2026/SKR_solution/extract/puzzle/extracted_puzzle.v
Parsing Verilog input from `/home/skr/Downloads/tiny-gpu/asic-puzzle-2026/SKR_solution/extract/puzzle/extracted_puzzle.v' to AST representation.
Generating RTLIL representation for module `\puzzle'.
Successfully finished Verilog frontend.

2. Executing HIERARCHY pass (managing design hierarchy).

2.1. Analyzing design hierarchy..
Top module:  \puzzle

2.2. Analyzing design hierarchy..
Top module:  \puzzle
Removed 0 unused modules.
Warning: Selection "successD" did not match any module.

3. Executing Liberty frontend: /home/skr/.ciel/ciel/sky130/versions/8afc8346a57fe1ab7934ba5a6056ea8b43078e71/sky130A/libs.ref/sky130_fd_sc_hd/lib/sky130_fd_sc_hd__tt_025C_1v80.lib
Ignoring cell sky130_fd_sc_hd__dlclkp_1 with missing function on output GCLK.
Ignoring cell sky130_fd_sc_hd__dlclkp_2 with missing function on output GCLK.
Ignoring cell sky130_fd_sc_hd__dlclkp_4 with missing function on output GCLK.
Ignoring cell sky130_fd_sc_hd__sdlclkp_1 with missing function on output GCLK.
Ignoring cell sky130_fd_sc_hd__sdlclkp_2 with missing function on output GCLK.
Ignoring cell sky130_fd_sc_hd__sdlclkp_4 with missing function on output GCLK.
Imported 422 cell types from liberty file.
<suppressed ~12 debug messages>

4. Executing FLATTEN pass (flatten design).
Deleting now unused module sky130_fd_sc_hd__xor3_4.
Deleting now unused module sky130_fd_sc_hd__xor3_2.
Deleting now unused module sky130_fd_sc_hd__xor3_1.
Deleting now unused module sky130_fd_sc_hd__xor2_4.
Deleting now unused module sky130_fd_sc_hd__xor2_2.
Deleting now unused module sky130_fd_sc_hd__xor2_1.
Deleting now unused module sky130_fd_sc_hd__xnor3_4.
Deleting now unused module sky130_fd_sc_hd__xnor3_2.
Deleting now unused module sky130_fd_sc_hd__xnor3_1.
Deleting now unused module sky130_fd_sc_hd__xnor2_4.
Deleting now unused module sky130_fd_sc_hd__xnor2_2.
Deleting now unused module sky130_fd_sc_hd__xnor2_1.
Deleting now unused module sky130_fd_sc_hd__sedfxtp_4.
Deleting now unused module sky130_fd_sc_hd__sedfxtp_2.
Deleting now unused module sky130_fd_sc_hd__sedfxtp_1.
Deleting now unused module sky130_fd_sc_hd__sedfxbp_2.
Deleting now unused module sky130_fd_sc_hd__sedfxbp_1.
Deleting now unused module sky130_fd_sc_hd__sdfxtp_4.
Deleting now unused module sky130_fd_sc_hd__sdfxtp_2.
Deleting now unused module sky130_fd_sc_hd__sdfxtp_1.
Deleting now unused module sky130_fd_sc_hd__sdfxbp_2.
Deleting now unused module sky130_fd_sc_hd__sdfxbp_1.
Deleting now unused module sky130_fd_sc_hd__sdfstp_4.
Deleting now unused module sky130_fd_sc_hd__sdfstp_2.
Deleting now unused module sky130_fd_sc_hd__sdfstp_1.
Deleting now unused module sky130_fd_sc_hd__sdfsbp_2.
Deleting now unused module sky130_fd_sc_hd__sdfsbp_1.
Deleting now unused module sky130_fd_sc_hd__sdfrtp_4.
Deleting now unused module sky130_fd_sc_hd__sdfrtp_2.
Deleting now unused module sky130_fd_sc_hd__sdfrtp_1.
Deleting now unused module sky130_fd_sc_hd__sdfrtn_1.
Deleting now unused module sky130_fd_sc_hd__sdfrbp_2.
Deleting now unused module sky130_fd_sc_hd__sdfrbp_1.
Deleting now unused module sky130_fd_sc_hd__sdfbbp_1.
Deleting now unused module sky130_fd_sc_hd__sdfbbn_2.
Deleting now unused module sky130_fd_sc_hd__sdfbbn_1.
Deleting now unused module sky130_fd_sc_hd__probec_p_8.
Deleting now unused module sky130_fd_sc_hd__probe_p_8.
Deleting now unused module sky130_fd_sc_hd__or4bb_4.
Deleting now unused module sky130_fd_sc_hd__or4bb_2.
Deleting now unused module sky130_fd_sc_hd__or4bb_1.
Deleting now unused module sky130_fd_sc_hd__or4b_4.
Deleting now unused module sky130_fd_sc_hd__or4b_2.
Deleting now unused module sky130_fd_sc_hd__or4b_1.
Deleting now unused module sky130_fd_sc_hd__or4_4.
Deleting now unused module sky130_fd_sc_hd__or4_2.
Deleting now unused module sky130_fd_sc_hd__or4_1.
Deleting now unused module sky130_fd_sc_hd__or3b_4.
Deleting now unused module sky130_fd_sc_hd__or3b_2.
Deleting now unused module sky130_fd_sc_hd__or3b_1.
Deleting now unused module sky130_fd_sc_hd__or3_4.
Deleting now unused module sky130_fd_sc_hd__or3_2.
Deleting now unused module sky130_fd_sc_hd__or3_1.
Deleting now unused module sky130_fd_sc_hd__or2b_4.
Deleting now unused module sky130_fd_sc_hd__or2b_2.
Deleting now unused module sky130_fd_sc_hd__or2b_1.
Deleting now unused module sky130_fd_sc_hd__or2_4.
Deleting now unused module sky130_fd_sc_hd__or2_2.
Deleting now unused module sky130_fd_sc_hd__or2_1.
Deleting now unused module sky130_fd_sc_hd__or2_0.
Deleting now unused module sky130_fd_sc_hd__o41ai_4.
Deleting now unused module sky130_fd_sc_hd__o41ai_2.
Deleting now unused module sky130_fd_sc_hd__o41ai_1.
Deleting now unused module sky130_fd_sc_hd__o41a_4.
Deleting now unused module sky130_fd_sc_hd__o41a_2.
Deleting now unused module sky130_fd_sc_hd__o41a_1.
Deleting now unused module sky130_fd_sc_hd__o32ai_4.
Deleting now unused module sky130_fd_sc_hd__o32ai_2.
Deleting now unused module sky130_fd_sc_hd__o32ai_1.
Deleting now unused module sky130_fd_sc_hd__o32a_4.
Deleting now unused module sky130_fd_sc_hd__o32a_2.
Deleting now unused module sky130_fd_sc_hd__o32a_1.
Deleting now unused module sky130_fd_sc_hd__o31ai_4.
Deleting now unused module sky130_fd_sc_hd__o31ai_2.
Deleting now unused module sky130_fd_sc_hd__o31ai_1.
Deleting now unused module sky130_fd_sc_hd__o31a_4.
Deleting now unused module sky130_fd_sc_hd__o31a_2.
Deleting now unused module sky130_fd_sc_hd__o31a_1.
Deleting now unused module sky130_fd_sc_hd__o311ai_4.
Deleting now unused module sky130_fd_sc_hd__o311ai_2.
Deleting now unused module sky130_fd_sc_hd__o311ai_1.
Deleting now unused module sky130_fd_sc_hd__o311ai_0.
Deleting now unused module sky130_fd_sc_hd__o311a_4.
Deleting now unused module sky130_fd_sc_hd__o311a_2.
Deleting now unused module sky130_fd_sc_hd__o311a_1.
Deleting now unused module sky130_fd_sc_hd__o2bb2ai_4.
Deleting now unused module sky130_fd_sc_hd__o2bb2ai_2.
Deleting now unused module sky130_fd_sc_hd__o2bb2ai_1.
Deleting now unused module sky130_fd_sc_hd__o2bb2a_4.
Deleting now unused module sky130_fd_sc_hd__o2bb2a_2.
Deleting now unused module sky130_fd_sc_hd__o2bb2a_1.
Deleting now unused module sky130_fd_sc_hd__o22ai_4.
Deleting now unused module sky130_fd_sc_hd__o22ai_2.
Deleting now unused module sky130_fd_sc_hd__o22ai_1.
Deleting now unused module sky130_fd_sc_hd__o22a_4.
Deleting now unused module sky130_fd_sc_hd__o22a_2.
Deleting now unused module sky130_fd_sc_hd__o22a_1.
Deleting now unused module sky130_fd_sc_hd__o221ai_4.
Deleting now unused module sky130_fd_sc_hd__o221ai_2.
Deleting now unused module sky130_fd_sc_hd__o221ai_1.
Deleting now unused module sky130_fd_sc_hd__o221a_4.
Deleting now unused module sky130_fd_sc_hd__o221a_2.
Deleting now unused module sky130_fd_sc_hd__o221a_1.
Deleting now unused module sky130_fd_sc_hd__o21bai_4.
Deleting now unused module sky130_fd_sc_hd__o21bai_2.
Deleting now unused module sky130_fd_sc_hd__o21bai_1.
Deleting now unused module sky130_fd_sc_hd__o21ba_4.
Deleting now unused module sky130_fd_sc_hd__o21ba_2.
Deleting now unused module sky130_fd_sc_hd__o21ba_1.
Deleting now unused module sky130_fd_sc_hd__o21ai_4.
Deleting now unused module sky130_fd_sc_hd__o21ai_2.
Deleting now unused module sky130_fd_sc_hd__o21ai_1.
Deleting now unused module sky130_fd_sc_hd__o21ai_0.
Deleting now unused module sky130_fd_sc_hd__o21a_4.
Deleting now unused module sky130_fd_sc_hd__o21a_2.
Deleting now unused module sky130_fd_sc_hd__o21a_1.
Deleting now unused module sky130_fd_sc_hd__o211ai_4.
Deleting now unused module sky130_fd_sc_hd__o211ai_2.
Deleting now unused module sky130_fd_sc_hd__o211ai_1.
Deleting now unused module sky130_fd_sc_hd__o211a_4.
Deleting now unused module sky130_fd_sc_hd__o211a_2.
Deleting now unused module sky130_fd_sc_hd__o211a_1.
Deleting now unused module sky130_fd_sc_hd__o2111ai_4.
Deleting now unused module sky130_fd_sc_hd__o2111ai_2.
Deleting now unused module sky130_fd_sc_hd__o2111ai_1.
Deleting now unused module sky130_fd_sc_hd__o2111a_4.
Deleting now unused module sky130_fd_sc_hd__o2111a_2.
Deleting now unused module sky130_fd_sc_hd__o2111a_1.
Deleting now unused module sky130_fd_sc_hd__nor4bb_4.
Deleting now unused module sky130_fd_sc_hd__nor4bb_2.
Deleting now unused module sky130_fd_sc_hd__nor4bb_1.
Deleting now unused module sky130_fd_sc_hd__nor4b_4.
Deleting now unused module sky130_fd_sc_hd__nor4b_2.
Deleting now unused module sky130_fd_sc_hd__nor4b_1.
Deleting now unused module sky130_fd_sc_hd__nor4_4.
Deleting now unused module sky130_fd_sc_hd__nor4_2.
Deleting now unused module sky130_fd_sc_hd__nor4_1.
Deleting now unused module sky130_fd_sc_hd__nor3b_4.
Deleting now unused module sky130_fd_sc_hd__nor3b_2.
Deleting now unused module sky130_fd_sc_hd__nor3b_1.
Deleting now unused module sky130_fd_sc_hd__nor3_4.
Deleting now unused module sky130_fd_sc_hd__nor3_2.
Deleting now unused module sky130_fd_sc_hd__nor3_1.
Deleting now unused module sky130_fd_sc_hd__nor2b_4.
Deleting now unused module sky130_fd_sc_hd__nor2b_2.
Deleting now unused module sky130_fd_sc_hd__nor2b_1.
Deleting now unused module sky130_fd_sc_hd__nor2_8.
Deleting now unused module sky130_fd_sc_hd__nor2_4.
Deleting now unused module sky130_fd_sc_hd__nor2_2.
Deleting now unused module sky130_fd_sc_hd__nor2_1.
Deleting now unused module sky130_fd_sc_hd__nand4bb_4.
Deleting now unused module sky130_fd_sc_hd__nand4bb_2.
Deleting now unused module sky130_fd_sc_hd__nand4bb_1.
Deleting now unused module sky130_fd_sc_hd__nand4b_4.
Deleting now unused module sky130_fd_sc_hd__nand4b_2.
Deleting now unused module sky130_fd_sc_hd__nand4b_1.
Deleting now unused module sky130_fd_sc_hd__nand4_4.
Deleting now unused module sky130_fd_sc_hd__nand4_2.
Deleting now unused module sky130_fd_sc_hd__nand4_1.
Deleting now unused module sky130_fd_sc_hd__nand3b_4.
Deleting now unused module sky130_fd_sc_hd__nand3b_2.
Deleting now unused module sky130_fd_sc_hd__nand3b_1.
Deleting now unused module sky130_fd_sc_hd__nand3_4.
Deleting now unused module sky130_fd_sc_hd__nand3_2.
Deleting now unused module sky130_fd_sc_hd__nand3_1.
Deleting now unused module sky130_fd_sc_hd__nand2b_4.
Deleting now unused module sky130_fd_sc_hd__nand2b_2.
Deleting now unused module sky130_fd_sc_hd__nand2b_1.
Deleting now unused module sky130_fd_sc_hd__nand2_8.
Deleting now unused module sky130_fd_sc_hd__nand2_4.
Deleting now unused module sky130_fd_sc_hd__nand2_2.
Deleting now unused module sky130_fd_sc_hd__nand2_1.
Deleting now unused module sky130_fd_sc_hd__mux4_4.
Deleting now unused module sky130_fd_sc_hd__mux4_2.
Deleting now unused module sky130_fd_sc_hd__mux4_1.
Deleting now unused module sky130_fd_sc_hd__mux2i_4.
Deleting now unused module sky130_fd_sc_hd__mux2i_2.
Deleting now unused module sky130_fd_sc_hd__mux2i_1.
Deleting now unused module sky130_fd_sc_hd__mux2_8.
Deleting now unused module sky130_fd_sc_hd__mux2_4.
Deleting now unused module sky130_fd_sc_hd__mux2_2.
Deleting now unused module sky130_fd_sc_hd__mux2_1.
Deleting now unused module sky130_fd_sc_hd__maj3_4.
Deleting now unused module sky130_fd_sc_hd__maj3_2.
Deleting now unused module sky130_fd_sc_hd__maj3_1.
Deleting now unused module sky130_fd_sc_hd__macro_sparecell.
Deleting now unused module sky130_fd_sc_hd__lpflow_lsbuf_lh_isowell_tap_4.
Deleting now unused module sky130_fd_sc_hd__lpflow_lsbuf_lh_isowell_tap_2.
Deleting now unused module sky130_fd_sc_hd__lpflow_lsbuf_lh_isowell_tap_1.
Deleting now unused module sky130_fd_sc_hd__lpflow_lsbuf_lh_isowell_4.
Deleting now unused module sky130_fd_sc_hd__lpflow_lsbuf_lh_hl_isowell_tap_4.
Deleting now unused module sky130_fd_sc_hd__lpflow_lsbuf_lh_hl_isowell_tap_2.
Deleting now unused module sky130_fd_sc_hd__lpflow_lsbuf_lh_hl_isowell_tap_1.
Deleting now unused module sky130_fd_sc_hd__lpflow_isobufsrckapwr_16.
Deleting now unused module sky130_fd_sc_hd__lpflow_isobufsrc_8.
Deleting now unused module sky130_fd_sc_hd__lpflow_isobufsrc_4.
Deleting now unused module sky130_fd_sc_hd__lpflow_isobufsrc_2.
Deleting now unused module sky130_fd_sc_hd__lpflow_isobufsrc_16.
Deleting now unused module sky130_fd_sc_hd__lpflow_isobufsrc_1.
Deleting now unused module sky130_fd_sc_hd__lpflow_inputisolatch_1.
Deleting now unused module sky130_fd_sc_hd__lpflow_inputiso1p_1.
Deleting now unused module sky130_fd_sc_hd__lpflow_inputiso1n_1.
Deleting now unused module sky130_fd_sc_hd__lpflow_inputiso0p_1.
Deleting now unused module sky130_fd_sc_hd__lpflow_inputiso0n_1.
Deleting now unused module sky130_fd_sc_hd__lpflow_decapkapwr_8.
Deleting now unused module sky130_fd_sc_hd__lpflow_decapkapwr_6.
Deleting now unused module sky130_fd_sc_hd__lpflow_decapkapwr_4.
Deleting now unused module sky130_fd_sc_hd__lpflow_decapkapwr_3.
Deleting now unused module sky130_fd_sc_hd__lpflow_decapkapwr_12.
Deleting now unused module sky130_fd_sc_hd__lpflow_clkinvkapwr_8.
Deleting now unused module sky130_fd_sc_hd__lpflow_clkinvkapwr_4.
Deleting now unused module sky130_fd_sc_hd__lpflow_clkinvkapwr_2.
Deleting now unused module sky130_fd_sc_hd__lpflow_clkinvkapwr_16.
Deleting now unused module sky130_fd_sc_hd__lpflow_clkinvkapwr_1.
Deleting now unused module sky130_fd_sc_hd__lpflow_clkbufkapwr_8.
Deleting now unused module sky130_fd_sc_hd__lpflow_clkbufkapwr_4.
Deleting now unused module sky130_fd_sc_hd__lpflow_clkbufkapwr_2.
Deleting now unused module sky130_fd_sc_hd__lpflow_clkbufkapwr_16.
Deleting now unused module sky130_fd_sc_hd__lpflow_clkbufkapwr_1.
Deleting now unused module sky130_fd_sc_hd__lpflow_bleeder_1.
Deleting now unused module sky130_fd_sc_hd__inv_8.
Deleting now unused module sky130_fd_sc_hd__inv_6.
Deleting now unused module sky130_fd_sc_hd__inv_4.
Deleting now unused module sky130_fd_sc_hd__inv_2.
Deleting now unused module sky130_fd_sc_hd__inv_16.
Deleting now unused module sky130_fd_sc_hd__inv_12.
Deleting now unused module sky130_fd_sc_hd__inv_1.
Deleting now unused module sky130_fd_sc_hd__ha_4.
Deleting now unused module sky130_fd_sc_hd__ha_2.
Deleting now unused module sky130_fd_sc_hd__ha_1.
Deleting now unused module sky130_fd_sc_hd__fahcon_1.
Deleting now unused module sky130_fd_sc_hd__fahcin_1.
Deleting now unused module sky130_fd_sc_hd__fah_1.
Deleting now unused module sky130_fd_sc_hd__fa_4.
Deleting now unused module sky130_fd_sc_hd__fa_2.
Deleting now unused module sky130_fd_sc_hd__fa_1.
Deleting now unused module sky130_fd_sc_hd__einvp_8.
Deleting now unused module sky130_fd_sc_hd__einvp_4.
Deleting now unused module sky130_fd_sc_hd__einvp_2.
Deleting now unused module sky130_fd_sc_hd__einvp_1.
Deleting now unused module sky130_fd_sc_hd__einvn_8.
Deleting now unused module sky130_fd_sc_hd__einvn_4.
Deleting now unused module sky130_fd_sc_hd__einvn_2.
Deleting now unused module sky130_fd_sc_hd__einvn_1.
Deleting now unused module sky130_fd_sc_hd__einvn_0.
Deleting now unused module sky130_fd_sc_hd__edfxtp_1.
Deleting now unused module sky130_fd_sc_hd__edfxbp_1.
Deleting now unused module sky130_fd_sc_hd__ebufn_8.
Deleting now unused module sky130_fd_sc_hd__ebufn_4.
Deleting now unused module sky130_fd_sc_hd__ebufn_2.
Deleting now unused module sky130_fd_sc_hd__ebufn_1.
Deleting now unused module sky130_fd_sc_hd__dlymetal6s6s_1.
Deleting now unused module sky130_fd_sc_hd__dlymetal6s4s_1.
Deleting now unused module sky130_fd_sc_hd__dlymetal6s2s_1.
Deleting now unused module sky130_fd_sc_hd__dlygate4sd3_1.
Deleting now unused module sky130_fd_sc_hd__dlygate4sd2_1.
Deleting now unused module sky130_fd_sc_hd__dlygate4sd1_1.
Deleting now unused module sky130_fd_sc_hd__dlxtp_1.
Deleting now unused module sky130_fd_sc_hd__dlxtn_4.
Deleting now unused module sky130_fd_sc_hd__dlxtn_2.
Deleting now unused module sky130_fd_sc_hd__dlxtn_1.
Deleting now unused module sky130_fd_sc_hd__dlxbp_1.
Deleting now unused module sky130_fd_sc_hd__dlxbn_2.
Deleting now unused module sky130_fd_sc_hd__dlxbn_1.
Deleting now unused module sky130_fd_sc_hd__dlrtp_4.
Deleting now unused module sky130_fd_sc_hd__dlrtp_2.
Deleting now unused module sky130_fd_sc_hd__dlrtp_1.
Deleting now unused module sky130_fd_sc_hd__dlrtn_4.
Deleting now unused module sky130_fd_sc_hd__dlrtn_2.
Deleting now unused module sky130_fd_sc_hd__dlrtn_1.
Deleting now unused module sky130_fd_sc_hd__dlrbp_2.
Deleting now unused module sky130_fd_sc_hd__dlrbp_1.
Deleting now unused module sky130_fd_sc_hd__dlrbn_2.
Deleting now unused module sky130_fd_sc_hd__dlrbn_1.
Deleting now unused module sky130_fd_sc_hd__diode_2.
Deleting now unused module sky130_fd_sc_hd__dfxtp_4.
Deleting now unused module sky130_fd_sc_hd__dfxtp_2.
Deleting now unused module sky130_fd_sc_hd__dfxtp_1.
Deleting now unused module sky130_fd_sc_hd__dfxbp_2.
Deleting now unused module sky130_fd_sc_hd__dfxbp_1.
Deleting now unused module sky130_fd_sc_hd__dfstp_4.
Deleting now unused module sky130_fd_sc_hd__dfstp_2.
Deleting now unused module sky130_fd_sc_hd__dfstp_1.
Deleting now unused module sky130_fd_sc_hd__dfsbp_2.
Deleting now unused module sky130_fd_sc_hd__dfsbp_1.
Deleting now unused module sky130_fd_sc_hd__dfrtp_4.
Deleting now unused module sky130_fd_sc_hd__dfrtp_2.
Deleting now unused module sky130_fd_sc_hd__dfrtp_1.
Deleting now unused module sky130_fd_sc_hd__dfrtn_1.
Deleting now unused module sky130_fd_sc_hd__dfrbp_2.
Deleting now unused module sky130_fd_sc_hd__dfrbp_1.
Deleting now unused module sky130_fd_sc_hd__dfbbp_1.
Deleting now unused module sky130_fd_sc_hd__dfbbn_2.
Deleting now unused module sky130_fd_sc_hd__dfbbn_1.
Deleting now unused module sky130_fd_sc_hd__decap_8.
Deleting now unused module sky130_fd_sc_hd__decap_6.
Deleting now unused module sky130_fd_sc_hd__decap_4.
Deleting now unused module sky130_fd_sc_hd__decap_3.
Deleting now unused module sky130_fd_sc_hd__decap_12.
Deleting now unused module sky130_fd_sc_hd__conb_1.
Deleting now unused module sky130_fd_sc_hd__clkinvlp_4.
Deleting now unused module sky130_fd_sc_hd__clkinvlp_2.
Deleting now unused module sky130_fd_sc_hd__clkinv_8.
Deleting now unused module sky130_fd_sc_hd__clkinv_4.
Deleting now unused module sky130_fd_sc_hd__clkinv_2.
Deleting now unused module sky130_fd_sc_hd__clkinv_16.
Deleting now unused module sky130_fd_sc_hd__clkinv_1.
Deleting now unused module sky130_fd_sc_hd__clkdlybuf4s50_2.
Deleting now unused module sky130_fd_sc_hd__clkdlybuf4s50_1.
Deleting now unused module sky130_fd_sc_hd__clkdlybuf4s25_2.
Deleting now unused module sky130_fd_sc_hd__clkdlybuf4s25_1.
Deleting now unused module sky130_fd_sc_hd__clkdlybuf4s18_2.
Deleting now unused module sky130_fd_sc_hd__clkdlybuf4s18_1.
Deleting now unused module sky130_fd_sc_hd__clkdlybuf4s15_2.
Deleting now unused module sky130_fd_sc_hd__clkdlybuf4s15_1.
Deleting now unused module sky130_fd_sc_hd__clkbuf_8.
Deleting now unused module sky130_fd_sc_hd__clkbuf_4.
Deleting now unused module sky130_fd_sc_hd__clkbuf_2.
Deleting now unused module sky130_fd_sc_hd__clkbuf_16.
Deleting now unused module sky130_fd_sc_hd__clkbuf_1.
Deleting now unused module sky130_fd_sc_hd__bufinv_8.
Deleting now unused module sky130_fd_sc_hd__bufinv_16.
Deleting now unused module sky130_fd_sc_hd__bufbuf_8.
Deleting now unused module sky130_fd_sc_hd__bufbuf_16.
Deleting now unused module sky130_fd_sc_hd__buf_8.
Deleting now unused module sky130_fd_sc_hd__buf_6.
Deleting now unused module sky130_fd_sc_hd__buf_4.
Deleting now unused module sky130_fd_sc_hd__buf_2.
Deleting now unused module sky130_fd_sc_hd__buf_16.
Deleting now unused module sky130_fd_sc_hd__buf_12.
Deleting now unused module sky130_fd_sc_hd__buf_1.
Deleting now unused module sky130_fd_sc_hd__and4bb_4.
Deleting now unused module sky130_fd_sc_hd__and4bb_2.
Deleting now unused module sky130_fd_sc_hd__and4bb_1.
Deleting now unused module sky130_fd_sc_hd__and4b_4.
Deleting now unused module sky130_fd_sc_hd__and4b_2.
Deleting now unused module sky130_fd_sc_hd__and4b_1.
Deleting now unused module sky130_fd_sc_hd__and4_4.
Deleting now unused module sky130_fd_sc_hd__and4_2.
Deleting now unused module sky130_fd_sc_hd__and4_1.
Deleting now unused module sky130_fd_sc_hd__and3b_4.
Deleting now unused module sky130_fd_sc_hd__and3b_2.
Deleting now unused module sky130_fd_sc_hd__and3b_1.
Deleting now unused module sky130_fd_sc_hd__and3_4.
Deleting now unused module sky130_fd_sc_hd__and3_2.
Deleting now unused module sky130_fd_sc_hd__and3_1.
Deleting now unused module sky130_fd_sc_hd__and2b_4.
Deleting now unused module sky130_fd_sc_hd__and2b_2.
Deleting now unused module sky130_fd_sc_hd__and2b_1.
Deleting now unused module sky130_fd_sc_hd__and2_4.
Deleting now unused module sky130_fd_sc_hd__and2_2.
Deleting now unused module sky130_fd_sc_hd__and2_1.
Deleting now unused module sky130_fd_sc_hd__and2_0.
Deleting now unused module sky130_fd_sc_hd__a41oi_4.
Deleting now unused module sky130_fd_sc_hd__a41oi_2.
Deleting now unused module sky130_fd_sc_hd__a41oi_1.
Deleting now unused module sky130_fd_sc_hd__a41o_4.
Deleting now unused module sky130_fd_sc_hd__a41o_2.
Deleting now unused module sky130_fd_sc_hd__a41o_1.
Deleting now unused module sky130_fd_sc_hd__a32oi_4.
Deleting now unused module sky130_fd_sc_hd__a32oi_2.
Deleting now unused module sky130_fd_sc_hd__a32oi_1.
Deleting now unused module sky130_fd_sc_hd__a32o_4.
Deleting now unused module sky130_fd_sc_hd__a32o_2.
Deleting now unused module sky130_fd_sc_hd__a32o_1.
Deleting now unused module sky130_fd_sc_hd__a31oi_4.
Deleting now unused module sky130_fd_sc_hd__a31oi_2.
Deleting now unused module sky130_fd_sc_hd__a31oi_1.
Deleting now unused module sky130_fd_sc_hd__a31o_4.
Deleting now unused module sky130_fd_sc_hd__a31o_2.
Deleting now unused module sky130_fd_sc_hd__a31o_1.
Deleting now unused module sky130_fd_sc_hd__a311oi_4.
Deleting now unused module sky130_fd_sc_hd__a311oi_2.
Deleting now unused module sky130_fd_sc_hd__a311oi_1.
Deleting now unused module sky130_fd_sc_hd__a311o_4.
Deleting now unused module sky130_fd_sc_hd__a311o_2.
Deleting now unused module sky130_fd_sc_hd__a311o_1.
Deleting now unused module sky130_fd_sc_hd__a2bb2oi_4.
Deleting now unused module sky130_fd_sc_hd__a2bb2oi_2.
Deleting now unused module sky130_fd_sc_hd__a2bb2oi_1.
Deleting now unused module sky130_fd_sc_hd__a2bb2o_4.
Deleting now unused module sky130_fd_sc_hd__a2bb2o_2.
Deleting now unused module sky130_fd_sc_hd__a2bb2o_1.
Deleting now unused module sky130_fd_sc_hd__a22oi_4.
Deleting now unused module sky130_fd_sc_hd__a22oi_2.
Deleting now unused module sky130_fd_sc_hd__a22oi_1.
Deleting now unused module sky130_fd_sc_hd__a22o_4.
Deleting now unused module sky130_fd_sc_hd__a22o_2.
Deleting now unused module sky130_fd_sc_hd__a22o_1.
Deleting now unused module sky130_fd_sc_hd__a222oi_1.
Deleting now unused module sky130_fd_sc_hd__a221oi_4.
Deleting now unused module sky130_fd_sc_hd__a221oi_2.
Deleting now unused module sky130_fd_sc_hd__a221oi_1.
Deleting now unused module sky130_fd_sc_hd__a221o_4.
Deleting now unused module sky130_fd_sc_hd__a221o_2.
Deleting now unused module sky130_fd_sc_hd__a221o_1.
Deleting now unused module sky130_fd_sc_hd__a21oi_4.
Deleting now unused module sky130_fd_sc_hd__a21oi_2.
Deleting now unused module sky130_fd_sc_hd__a21oi_1.
Deleting now unused module sky130_fd_sc_hd__a21o_4.
Deleting now unused module sky130_fd_sc_hd__a21o_2.
Deleting now unused module sky130_fd_sc_hd__a21o_1.
Deleting now unused module sky130_fd_sc_hd__a21boi_4.
Deleting now unused module sky130_fd_sc_hd__a21boi_2.
Deleting now unused module sky130_fd_sc_hd__a21boi_1.
Deleting now unused module sky130_fd_sc_hd__a21boi_0.
Deleting now unused module sky130_fd_sc_hd__a21bo_4.
Deleting now unused module sky130_fd_sc_hd__a21bo_2.
Deleting now unused module sky130_fd_sc_hd__a21bo_1.
Deleting now unused module sky130_fd_sc_hd__a211oi_4.
Deleting now unused module sky130_fd_sc_hd__a211oi_2.
Deleting now unused module sky130_fd_sc_hd__a211oi_1.
Deleting now unused module sky130_fd_sc_hd__a211o_4.
Deleting now unused module sky130_fd_sc_hd__a211o_2.
Deleting now unused module sky130_fd_sc_hd__a211o_1.
Deleting now unused module sky130_fd_sc_hd__a2111oi_4.
Deleting now unused module sky130_fd_sc_hd__a2111oi_2.
Deleting now unused module sky130_fd_sc_hd__a2111oi_1.
Deleting now unused module sky130_fd_sc_hd__a2111oi_0.
Deleting now unused module sky130_fd_sc_hd__a2111o_4.
Deleting now unused module sky130_fd_sc_hd__a2111o_2.
Deleting now unused module sky130_fd_sc_hd__a2111o_1.
<suppressed ~728 debug messages>
Warning: Selection "sky130_*" did not match any module.

5. Executing OPT_CLEAN pass (remove unused cells and wires).
Finding unused cells or wires in module \puzzle..
Removed 184 unused cells and 781 unused wires.
<suppressed ~277 debug messages>

6. Executing EXPOSE pass (exposing internal signals as outputs).
New module port: puzzle/g__539.IQ
New module port: puzzle/g__405.IQ
New module port: puzzle/g__393.IQ
New module port: puzzle/g__263.IQ
New module port: puzzle/g__262.IQ
New module port: puzzle/g__261.IQ
New module port: puzzle/g__260.IQ
New module port: puzzle/g__259.IQ
New module port: puzzle/g__258.IQ
New module port: puzzle/g__257.IQ
New module port: puzzle/g__256.IQ
New module port: puzzle/g__255.IQ
New module port: puzzle/g__254.IQ
New module port: puzzle/g__253.IQ
New module port: puzzle/g__252.IQ
New module port: puzzle/g__251.IQ
New module port: puzzle/g__250.IQ
New module port: puzzle/g__249.IQ
New module port: puzzle/g__248.IQ
New module port: puzzle/g__247.IQ
New module port: puzzle/g__245.IQ
New module port: puzzle/g__244.IQ
New module port: puzzle/g__243.IQ
New module port: puzzle/g__242.IQ
New module port: puzzle/g__241.IQ
New module port: puzzle/g__240.IQ
New module port: puzzle/g__238.IQ
New module port: puzzle/g__237.IQ
New module port: puzzle/g__236.IQ
New module port: puzzle/g__235.IQ
New module port: puzzle/g__234.IQ
New module port: puzzle/g__233.IQ
New module port: puzzle/g__232.IQ
New module port: puzzle/g__231.IQ
New module port: puzzle/g__230.IQ
New module port: puzzle/g__229.IQ
New module port: puzzle/g__228.IQ
New module port: puzzle/g__227.IQ
New module port: puzzle/g__226.IQ
New module port: puzzle/g__225.IQ
New module port: puzzle/g__224.IQ
New module port: puzzle/g__223.IQ
New module port: puzzle/g__222.IQ
New module port: puzzle/g__221.IQ
New module port: puzzle/g__220.IQ
New module port: puzzle/g__219.IQ
New module port: puzzle/g__218.IQ
New module port: puzzle/g__217.IQ
New module port: puzzle/g__216.IQ
New module port: puzzle/g__215.IQ
New module port: puzzle/g__214.IQ
New module port: puzzle/g__213.IQ
New module port: puzzle/g__212.IQ
New module port: puzzle/g__211.IQ
New module port: puzzle/g__210.IQ
New module port: puzzle/g__209.IQ
New module port: puzzle/g__208.IQ
New module port: puzzle/g__207.IQ
New module port: puzzle/g__206.IQ
New module port: puzzle/g__205.IQ
New module port: puzzle/g__204.IQ
New module port: puzzle/g__203.IQ
New module port: puzzle/g__202.IQ
New module port: puzzle/g__201.IQ
New module port: puzzle/g__200.IQ
New module port: puzzle/g__199.IQ
New module port: puzzle/g__198.IQ
New module port: puzzle/g__197.IQ
New module port: puzzle/g__196.IQ
New module port: puzzle/g__195.IQ
New module port: puzzle/g__194.IQ
New module port: puzzle/g__193.IQ
New module port: puzzle/g__192.IQ
New module port: puzzle/g__190.IQ
New module port: puzzle/g__189.IQ
New module port: puzzle/g__188.IQ
New module port: puzzle/g__187.IQ
New module port: puzzle/g__186.IQ
New module port: puzzle/g__185.IQ
New module port: puzzle/g__184.IQ
New module port: puzzle/g__183.IQ
New module port: puzzle/g__182.IQ
New module port: puzzle/g__181.IQ
New module port: puzzle/g__180.IQ
New module port: puzzle/g__179.IQ
New module port: puzzle/g__178.IQ
New module port: puzzle/g__9.IQ
New module port: puzzle/g__14.IQ
New module port: puzzle/g__13.IQ
New module port: puzzle/g__12.IQ
New module port: puzzle/g__11.IQ
New module port: puzzle/g__10.IQ

7. Executing OPT_CLEAN pass (remove unused cells and wires).
Finding unused cells or wires in module \puzzle..
0 objects.

8. Executing Verilog backend.

8.1. Executing BMUXMAP pass.

8.2. Executing DEMUXMAP pass.
Dumping module `\puzzle'.

Warnings: 2 unique messages, 2 total
End of script. Logfile hash: 3ccb110b3e, time: 0.09s, user: 0.08s, system: 0.01s, MEM: 49.25 MB peak
Yosys 0.68+50 (git sha1 bf86dd7fa-dirty, Release, Clang /usr/bin/clang++ 21.1.8)
Time spent: 37% 2x read_liberty (0 sec), 32% 2x read_verilog (0 sec), ...
